
> temp-app@0.1.0 build
> next build

Ôû▓ Next.js 16.1.6 (Turbopack)
- Environments: .env

  Creating an optimized production build ...
Ô£ô Compiled successfully in 1521.3ms
  Running TypeScript ...
  Collecting page data using 7 workers ...
  Generating static pages using 7 workers (0/12) ...
node.exe : Error occurr
ed prerendering page "/
_not-found". Read more:
 https://nextjs.org/doc
s/messages/prerender-er
ror
At line:1 char:1
+ & "C:\Program Files\n
odejs/node.exe" "C:\Pro
gram Files\nodejs/node_
mo ...
+ ~~~~~~~~~~~~~~~~~~~~~
~~~~~~~~~~~~~~~~~~~~~~~
~~~~~~~~~~~~~~~~~~~~~~~
~~
    + CategoryInfo     
         : NotSpecifi  
  ed: (Error occurre   
 d ...prerender-err    
or:String) [], Rem    o
teException
    + FullyQualifiedEr 
   rorId : NativeComm  
  andError
 
Error: Attempted to cal
l useAuth() from the se
rver but useAuth is on 
the client. It's not po
ssible to invoke a clie
nt function from the se
rver, it can only be re
ndered as a Component o
r passed to props of a 
Client Component.
    at <unknown> (C:\Us
ers\pelin\OneDrive\Masa
├╝st├╝\CanerProje\.next
\server\chunks\ssr\_abf
4209e._.js:1:3186)
    at f (C:\Users\peli
n\OneDrive\Masa├╝st├╝\C
anerProje\.next\server\
chunks\ssr\_abf4209e._.
js:1:4132)
    at stringify (<anon
ymous>) {
  digest: '3583141644'
}
Export encountered an e
rror on /_not-found/pag
e: /_not-found, exiting
 the build.
Ô¿» Next.js build worke
r exited with code: 1 a
nd signal: null
